[sites.google.com/view/mathgames66/index.html]
[backblue.gif]
[fade.gif]
[index.html]
[apis.google.com/js/clientc932.js]
[sites.google.com/view/mathgames66/home.html]
[sites.google.com/view/mathgames66/games.html]
[sites.google.com/view/mathgames66/games/1-mobilepc-buk.html]
[sites.google.com/view/mathgames66/games/2-mobilepc-144.html]
[sites.google.com/view/mathgames66/games/1-mobilepc-2048.html]
[sites.google.com/view/mathgames66/games/1-mobilepc-2048-cupcakes.html]
[sites.google.com/view/mathgames66/games/8-mobilepc-2048-shoot-merge-block-puzzle.html]
[sites.google.com/view/mathgames66/games/1-mobilepc-33yang-mine-sweeper.html]
[sites.google.com/view/mathgames66/games/5-mobilepc-3d-hartwig-chess-set.html]
[sites.google.com/view/mathgames66/games/1-mobilepc-9007199254740992.html]
[sites.google.com/view/mathgames66/games/1-mobilepc-alien-invasion.html]
[sites.google.com/view/mathgames66/games/1-pc-astray.html]
[sites.google.com/view/mathgames66/games/9-pc-backflip-maniac.html]
[sites.google.com/view/mathgames66/games/1-pc-backrooms-alpha.html]
[sites.google.com/view/mathgames66/games/11-pc-bad-ice-cream-3.html]
[sites.google.com/view/mathgames66/games/2-pc-bad-time-simulator-sans-fight.html]
[sites.google.com/view/mathgames66/games/11-mobile-baldi-2-unofficial.html]
[sites.google.com/view/mathgames66/games/1-pc-baldis-basics-field-trip-camping-remake.html]
[sites.google.com/view/mathgames66/games/1-pc-baldis-web-based-basics-v1-0-0.html]
[sites.google.com/view/mathgames66/games/7-pc-baldis-web-based-basics-v1-4-3.html]
[sites.google.com/view/mathgames66/games/11-mobilepc-basketball-stars.html]
[sites.google.com/view/mathgames66/games/8-mobilepc-bear-on-a-scooter.html]
[sites.google.com/view/mathgames66/games/9-pc-blocky-gun-paintball-3.html]
[sites.google.com/view/mathgames66/games/1-mobilepc-brave-explorers.html]
[sites.google.com/view/mathgames66/games/1-mobilepc-breaklock.html]
[sites.google.com/view/mathgames66/games/9-mobilepc-bottle-flip-3d.html]
[sites.google.com/view/mathgames66/games/15-mobilepc-box-tower.html]
[sites.google.com/view/mathgames66/games/9-mobilepc-burning-man-2.html]
[sites.google.com/view/mathgames66/games/1-mobile-c4.html]
[sites.google.com/view/mathgames66/games/1-pc-cluster-rush.html]
[sites.google.com/view/mathgames66/games/1-pc-coffee-snake.html]
[sites.google.com/view/mathgames66/games/6-pc-d3tetris.html]
[sites.google.com/view/mathgames66/games/1-mobilepc-dig-those-diglett.html]
[sites.google.com/view/mathgames66/games/8-pc-doom.html]
[sites.google.com/view/mathgames66/games/9-pc-doom-ii.html]
[sites.google.com/view/mathgames66/games/1-mobilepc-dodge.html]
[sites.google.com/view/mathgames66/games/1-pc-dodge.html]
[sites.google.com/view/mathgames66/games/1-mobilepc-dreader.html]
[sites.google.com/view/mathgames66/games/10-mobilepc-drift-boss.html]
[sites.google.com/view/mathgames66/games/1-pc-drill-bunny.html]
[sites.google.com/view/mathgames66/games/1-mobilepc-emoji-minesweeper.html]
[sites.google.com/view/mathgames66/games/2-pc-endless-sans.html]
[sites.google.com/view/mathgames66/games/9-pc-flip-master.html]
[sites.google.com/view/mathgames66/games/8-mobilepc-geometrical-dash-unofficial.html]
[sites.google.com/view/mathgames66/games/4-mobilepc-geometry-dash-cadenza-on-scratch.html]
[sites.google.com/view/mathgames66/games/8-mobilepc-geometry-dash-classic-unofficial.html]
[sites.google.com/view/mathgames66/games/4-mobilepc-geometry-dash-on-scratch.html]
[sites.google.com/view/mathgames66/games/4-mobilepc-geometry-dash-lasogoco-on-scratch.html]
[sites.google.com/view/mathgames66/games/4-mobilepc-geometry-dash-levels-4-6-on-scratch.html]
[sites.google.com/view/mathgames66/games/4-mobilepc-geometry-dash-levels-7-8-on-scratch.html]
[sites.google.com/view/mathgames66/games/4-mobilepc-geometry-dash-levels-9-13-on-scratch.html]
[sites.google.com/view/mathgames66/games/4-mobilepc-geometry-dash-meltdown-on-scratch.html]
[sites.google.com/view/mathgames66/games/4-mobilepc-geometry-dash-subzero-on-scratch.html]
[sites.google.com/view/mathgames66/games/4-mobilepc-geometry-dash-the-first-on-scratch.html]
[sites.google.com/view/mathgames66/games/4-mobilepc-getting-over-it-on-scratch.html]
[sites.google.com/view/mathgames66/games/4-mobilepc-getting-over-it-on-scratch-mario-version.html]
[sites.google.com/view/mathgames66/games/5-pc-hexgl.html]
[sites.google.com/view/mathgames66/games/1-pc-hook-job.html]
[sites.google.com/view/mathgames66/games/6-mobilepc-insider.html]
[sites.google.com/view/mathgames66/games/9-pc-jungle-lol.html]
[sites.google.com/view/mathgames66/games/14-mobilepc-krunker.html]
[sites.google.com/view/mathgames66/games/9-pc-leader-strike.html]
[sites.google.com/view/mathgames66/games/9-pc-madalin-cars-multiplayer.html]
[sites.google.com/view/mathgames66/games/1-pc-mari0.html]
[sites.google.com/view/mathgames66/games/1-mobilepc-minesweeper-by-minesweeper.html]
[sites.google.com/view/mathgames66/games/1-pc-mini-tetris.html]
[sites.google.com/view/mathgames66/games/8-mobilepc-moto-x3m-bike-race-game.html]
[sites.google.com/view/mathgames66/games/8-mobilepc-moto-x3m-winter.html]
[sites.google.com/view/mathgames66/games/1-mobilepc-nickarochos-minesweeper.html]
[sites.google.com/view/mathgames66/games/2-mobilepc-loopover.html]
[sites.google.com/view/mathgames66/games/1-pc-open-syobon-action-a-k-a-cat-mario.html]
[sites.google.com/view/mathgames66/games/4-pc-paper-minecraftminecraft-2d.html]
[sites.google.com/view/mathgames66/games/1-pc-pikwip.html]
[sites.google.com/view/mathgames66/games/4-pc-racy-brum-brum-on-scratch.html]
[sites.google.com/view/mathgames66/games/6-mobilepc-react-2048-game.html]
[sites.google.com/view/mathgames66/games/1-mobilepc-react-simon-says.html]
[sites.google.com/view/mathgames66/games/1-pc-retro-bowl.html]
[sites.google.com/view/mathgames66/games/8-mobilepc-retro-drift.html]
[sites.google.com/view/mathgames66/games/7-pc-rts-battle.html]
[sites.google.com/view/mathgames66/games/9-pc-run-3.html]
[sites.google.com/view/mathgames66/games/2-mobilepc-shinzo-count.html]
[sites.google.com/view/mathgames66/games/1-pc-sleeping-beauty.html]
[sites.google.com/view/mathgames66/games/1-mobilepc-small-world-cup.html]
[sites.google.com/view/mathgames66/games/1-mobilepc-snake_new.html]
[sites.google.com/view/mathgames66/games/4-mobilepc-snake-on-scratch.html]
[sites.google.com/view/mathgames66/games/4-pc-super-mario-3-0-world-on-scratch.html]
[sites.google.com/view/mathgames66/games/1-mobilepc-super-puffer-fish.html]
[sites.google.com/view/mathgames66/games/1-mobilepc-t-e-t-r-i-s.html]
[sites.google.com/view/mathgames66/games/1-pc-tetris.html]
[sites.google.com/view/mathgames66/games/9-mobilepc-tiny-fishing.html]
[sites.google.com/view/mathgames66/games/1-mobile-the-cube.html]
[sites.google.com/view/mathgames66/games/9-pc-the-house-of-evil-granny.html]
[sites.google.com/view/mathgames66/games/8-pc-the-worlds-hardest-game.html]
[sites.google.com/view/mathgames66/games/1-pc-tunnel-rush.html]
[sites.google.com/view/mathgames66/games/1-pc-turrets.html]
[sites.google.com/view/mathgames66/games/1-pc-typer.html]
[sites.google.com/view/mathgames66/games/8-pc-vex-3.html]
[sites.google.com/view/mathgames66/games/8-pc-vex-4.html]
[sites.google.com/view/mathgames66/games/8-pc-vex-5.html]
[sites.google.com/view/mathgames66/games/1-mobilepc-zig-zag.html]
[sites.google.com/view/mathgames66/game-help.html]
[sites.google.com/view/mathgames66/'https_/www.free-website-hit-counter.com/c.666a14.delayed]
[sites.google.com/view/mathgames66/index.html]
[sites.google.com/view/mathgames66/home.html]
[sites.google.com/view/mathgames66/games.html]
[sites.google.com/view/mathgames66/games/_https_/industrial-revolutioners.github.io/buk/__.67.delayed]
[sites.google.com/view/mathgames66/games/1-mobilepc-buk.html]
[sites.google.com/view/mathgames66/games/_https_/doodle-pile.gitlab.io/144/___/iframe__/center__.68.delayed]
[sites.google.com/view/mathgames66/games/2-mobilepc-144.html]
[sites.google.com/view/mathgames66/games/_https_/hczhcz.github.io/2048/20ez/___/iframe_.69.delayed]
[sites.google.com/view/mathgames66/games/1-mobilepc-2048.html]
[sites.google.com/view/mathgames66/games/_https_/0x0800.github.io/2048-CUPCAKES/___/iframe_.6a.delayed]
[sites.google.com/view/mathgames66/games/1-mobilepc-2048-cupcakes.html]
[sites.google.com/view/mathgames66/games/_/mj89sp3sau2k7lj1eg3k40hkeppguj6j-a-sites-opensocial.googleusercontent.com/gadgets/ifr.6becda.delayed]
[sites.google.com/view/mathgames66/games/8-mobilepc-2048-shoot-merge-block-puzzle.html]
[sites.google.com/view/mathgames66/games/_https_/33yang.github.io/mine-sweeper/__.6c.delayed]
[sites.google.com/view/mathgames66/games/1-mobilepc-33yang-mine-sweeper.html]
[sites.google.com/view/mathgames66/games/_https_/codepen.io/juliangarnier/pen/BsIih__.6d.delayed]
[sites.google.com/view/mathgames66/games/_https_/codepen.io/juliangarnier__@juliangarnier_/a_).6e.delayed]
[sites.google.com/view/mathgames66/games/_https_/codepen.io__CodePen_/a_._/span_.6f.delayed]
[sites.google.com/view/mathgames66/games/_https_/cpwebassets.codepen.io/assets/embed/ei.js___/script_.70.delayed]
[sites.google.com/view/mathgames66/games/5-mobilepc-3d-hartwig-chess-set.html]
[sites.google.com/view/mathgames66/games/_https_/dmitrykuzmenko.github.io/2048/__.71.delayed]
[sites.google.com/view/mathgames66/games/1-mobilepc-9007199254740992.html]
[sites.google.com/view/mathgames66/games/_https_/cykod.github.io/AlienInvasion/__.72.delayed]
[sites.google.com/view/mathgames66/games/1-mobilepc-alien-invasion.html]
[sites.google.com/view/mathgames66/games/_https_/wwwtyro.github.io/Astray/__.73.delayed]
[sites.google.com/view/mathgames66/games/1-pc-astray.html]
[sites.google.com/view/mathgames66/games/_/mj89sp3sau2k7lj1eg3k40hkeppguj6j-a-sites-opensocial.googleusercontent.com/gadgets/ifr.74344b.delayed]
[sites.google.com/view/mathgames66/games/9-pc-backflip-maniac.html]
[sites.google.com/view/mathgames66/games/1-pc-backrooms-alpha.html]
[sites.google.com/view/mathgames66/games/11-pc-bad-ice-cream-3.html]
[sites.google.com/view/mathgames66/games/_https_/mg66db.github.io/989654c0-6c6e-40e4-956c-1db1ec95bd76/content/v6p9d9t4.ssl.hwcdn.net/html/3227960/Backrooms v1.5 - W/index.75.delaye]
[sites.google.com/view/mathgames66/games/_https_/gotoanddie.github.io/c2-sans-fight/__.76.delayed]
[sites.google.com/view/mathgames66/games/2-pc-bad-time-simulator-sans-fight.html]
[sites.google.com/view/mathgames66/games/11-mobile-baldi-2-unofficial.html]
[sites.google.com/view/mathgames66/games/_https_/mg66db.github.io/b92261bf-dae7-4055-bd8a-8eb6d069a6fc/content/v6p9d9t4.ssl.hwcdn.net/html/4965007/WebGL/index.77.delayed]
[sites.google.com/view/mathgames66/games/1-pc-baldis-basics-field-trip-camping-remake.html]
[sites.google.com/view/mathgames66/games/_https_/shsgames.github.io/built-games/baldis-basics/index.78.delayed]
[sites.google.com/view/mathgames66/games/1-pc-baldis-web-based-basics-v1-0-0.html]
[sites.google.com/view/mathgames66/games/_https_/v6p9d9t4.ssl.hwcdn.net/html/4487446/Baldi's Web-Based Basics 1.4.3 Edition 1.0.0/index.79.delayed]
[sites.google.com/view/mathgames66/games/7-pc-baldis-web-based-basics-v1-4-3.html]
[sites.google.com/view/mathgames66/games/_https_/script.google.com/macros/s/AKfycbwTiWD3hyL1WhbcM2NZeXnKJKN9uEtY7N_DxcvbbP-cNB9ZPlA/exec_.7a.delayed]
[sites.google.com/view/mathgames66/games/11-mobilepc-basketball-stars.html]
[sites.google.com/view/mathgames66/games/_/tal2tot4uenli8d3lphbjvrrl237cfes-a-sites-opensocial.googleusercontent.com/gadgets/ifr.7b4324.delayed]
[sites.google.com/view/mathgames66/games/8-mobilepc-bear-on-a-scooter.html]
[sites.google.com/view/mathgames66/games/_/mj89sp3sau2k7lj1eg3k40hkeppguj6j-a-sites-opensocial.googleusercontent.com/gadgets/ifr.7c7e19.delayed]
[sites.google.com/view/mathgames66/games/9-pc-blocky-gun-paintball-3.html]
[sites.google.com/view/mathgames66/games/_https_/mg66db.github.io/brave-explorers.7d.delayed]
[sites.google.com/view/mathgames66/games/1-mobilepc-brave-explorers.html]
[sites.google.com/view/mathgames66/games/_https_/maxwellito.github.io/breaklock/__.7e.delayed]
[sites.google.com/view/mathgames66/games/1-mobilepc-breaklock.html]
[sites.google.com/view/mathgames66/games/_/mj89sp3sau2k7lj1eg3k40hkeppguj6j-a-sites-opensocial.googleusercontent.com/gadgets/ifr.7f5d8a.delayed]
[sites.google.com/view/mathgames66/games/9-mobilepc-bottle-flip-3d.html]
[sites.google.com/view/mathgames66/games/_https_/www.cbc.ca/kidscbc2/content/games/box-tower/index.80.delayed]
[sites.google.com/view/mathgames66/games/15-mobilepc-box-tower.html]
[sites.google.com/view/mathgames66/games/_/mj89sp3sau2k7lj1eg3k40hkeppguj6j-a-sites-opensocial.googleusercontent.com/gadgets/ifr.811a4a.delayed]
[sites.google.com/view/mathgames66/games/9-mobilepc-burning-man-2.html]
[sites.google.com/view/mathgames66/games/_https_/kenrick95.github.io/c4/__.82.delayed]
[sites.google.com/view/mathgames66/games/1-mobile-c4.html]
[sites.google.com/view/mathgames66/games/_https_/mg66db.github.io/d23ed974-4630-4906-b0b7-2c7322a5ba7d/content/kdata1.com/2016/11/cluster-truck-online/index.83.delayed]
[sites.google.com/view/mathgames66/games/1-pc-cluster-rush.html]
[sites.google.com/view/mathgames66/games/_https_/dommmel.github.io/coffee-snake/__.84.delayed]
[sites.google.com/view/mathgames66/games/1-pc-coffee-snake.html]
[sites.google.com/view/mathgames66/games/_https_/d3tetris.herokuapp.com/_.85.delayed]
[sites.google.com/view/mathgames66/games/6-pc-d3tetris.html]
[sites.google.com/view/mathgames66/games/_https_/stobrien89.github.86.delayed]
[sites.google.com/view/mathgames66/games/1-mobilepc-dig-those-diglett.html]
[sites.google.com/view/mathgames66/games/_/tal2tot4uenli8d3lphbjvrrl237cfes-a-sites-opensocial.googleusercontent.com/gadgets/ifr.874d68.delayed]
[sites.google.com/view/mathgames66/games/8-pc-doom.html]
[sites.google.com/view/mathgames66/games/_/mj89sp3sau2k7lj1eg3k40hkeppguj6j-a-sites-opensocial.googleusercontent.com/gadgets/ifr.8886de.delayed]
[sites.google.com/view/mathgames66/games/9-pc-doom-ii.html]
[sites.google.com/view/mathgames66/games/_https_/mg66db.github.io/b15a710a-702a-400e-aaeb-21f54c8545c8/content/v6p9d9t4.ssl.hwcdn.net/html/1770688/dodge/index.89.delayed]
[sites.google.com/view/mathgames66/games/1-mobilepc-dodge.html]
[sites.google.com/view/mathgames66/games/_https_/mg66db.github.io/94e0266a-f5f0-4659-9f9b-256f4396caa9/content/v6p9d9t4.ssl.hwcdn.net/html/5007015/index.8a.delayed]
[sites.google.com/view/mathgames66/games/1-pc-dodge.html]
[sites.google.com/view/mathgames66/games/1-mobilepc-dreader.html]
[sites.google.com/view/mathgames66/games/_https_/www.mathplayground.com/drift-boss/index.8b.delayed]
[sites.google.com/view/mathgames66/games/10-mobilepc-drift-boss.html]
[sites.google.com/view/mathgames66/games/_https_/dreamshowadventures.github.io/LudumDare29/__.8c.delayed]
[sites.google.com/view/mathgames66/games/1-pc-drill-bunny.html]
[sites.google.com/view/mathgames66/games/_https_/muan.github.io/emoji-minesweeper/__.8d.delayed]
[sites.google.com/view/mathgames66/games/1-mobilepc-emoji-minesweeper.html]
[sites.google.com/view/mathgames66/games/_https_/doodle-pile.gitlab.io/endless-sans/___/iframe__/center__.8e.delayed]
[sites.google.com/view/mathgames66/games/2-pc-endless-sans.html]
[sites.google.com/view/mathgames66/games/_/mj89sp3sau2k7lj1eg3k40hkeppguj6j-a-sites-opensocial.googleusercontent.com/gadgets/ifr.8fb778.delayed]
[sites.google.com/view/mathgames66/games/9-pc-flip-master.html]
[sites.google.com/view/mathgames66/games/_https_/www-ig-opensocial.googleusercontent.com/gadgets/ifr.90a73c.delayed]
[sites.google.com/view/mathgames66/games/8-mobilepc-geometrical-dash-unofficial.html]
[sites.google.com/view/mathgames66/games/_https_/scratch.mit.edu/projects/356595737/embed_.91.delayed]
[sites.google.com/view/mathgames66/games/4-mobilepc-geometry-dash-cadenza-on-scratch.html]
[sites.google.com/view/mathgames66/games/_https_/images-docs-opensocial.googleusercontent.com/gadgets/ifr.920d1d.delayed]
[sites.google.com/view/mathgames66/games/8-mobilepc-geometry-dash-classic-unofficial.html]
[sites.google.com/view/mathgames66/games/_https_/turbowarp.org/105500895/embed.93e4b5.delayed]
[sites.google.com/view/mathgames66/games/4-mobilepc-geometry-dash-on-scratch.html]
[sites.google.com/view/mathgames66/games/_https_/scratch.mit.edu/projects/377613190/embed_.94.delayed]
[sites.google.com/view/mathgames66/games/4-mobilepc-geometry-dash-lasogoco-on-scratch.html]
[sites.google.com/view/mathgames66/games/_https_/scratch.mit.edu/projects/118638917/embed_.95.delayed]
[sites.google.com/view/mathgames66/games/4-mobilepc-geometry-dash-levels-4-6-on-scratch.html]
[sites.google.com/view/mathgames66/games/_https_/scratch.mit.edu/projects/120721851/embed_.96.delayed]
[sites.google.com/view/mathgames66/games/4-mobilepc-geometry-dash-levels-7-8-on-scratch.html]
[sites.google.com/view/mathgames66/games/_https_/scratch.mit.edu/projects/140185501/embed_.97.delayed]
[sites.google.com/view/mathgames66/games/4-mobilepc-geometry-dash-levels-9-13-on-scratch.html]
[sites.google.com/view/mathgames66/games/_https_/scratch.mit.edu/projects/319667603/embed_.98.delayed]
[sites.google.com/view/mathgames66/games/4-mobilepc-geometry-dash-meltdown-on-scratch.html]
[sites.google.com/view/mathgames66/games/_https_/scratch.mit.edu/projects/216343253/embed_.99.delayed]
[sites.google.com/view/mathgames66/games/4-mobilepc-geometry-dash-subzero-on-scratch.html]
[sites.google.com/view/mathgames66/games/_https_/scratch.mit.edu/projects/219468445/embed_.9a.delayed]
[sites.google.com/view/mathgames66/games/4-mobilepc-geometry-dash-the-first-on-scratch.html]
[sites.google.com/view/mathgames66/games/_https_/scratch.mit.edu/projects/389464290/embed_.9b.delayed]
[sites.google.com/view/mathgames66/games/4-mobilepc-getting-over-it-on-scratch.html]
[sites.google.com/view/mathgames66/games/_https_/scratch.mit.edu/projects/389735533/embed_.9c.delayed]
[sites.google.com/view/mathgames66/games/4-mobilepc-getting-over-it-on-scratch-mario-version.html]
[sites.google.com/view/mathgames66/games/_https_/hexgl.bkcore.com/play/__.9d.delayed]
[sites.google.com/view/mathgames66/games/5-pc-hexgl.html]
[sites.google.com/view/mathgames66/games/_https_/mg66db.github.io/bbf26339-43d7-4ed1-b899-12375e66a8b9/content/v6p9d9t4.ssl.hwcdn.net/html/1078504/index.9e.delayed]
[sites.google.com/view/mathgames66/games/1-pc-hook-job.html]
[sites.google.com/view/mathgames66/games/_https_/insider-online.herokuapp.com/__.9f.delayed]
[sites.google.com/view/mathgames66/games/6-mobilepc-insider.html]
[sites.google.com/view/mathgames66/games/_/mj89sp3sau2k7lj1eg3k40hkeppguj6j-a-sites-opensocial.googleusercontent.com/gadgets/ifr.a0f368.delayed]
[sites.google.com/view/mathgames66/games/9-pc-jungle-lol.html]
[sites.google.com/view/mathgames66/games/_https_/browserfps.com/_.a1.delayed]
[sites.google.com/view/mathgames66/games/14-mobilepc-krunker.html]
[sites.google.com/view/mathgames66/games/_/mj89sp3sau2k7lj1eg3k40hkeppguj6j-a-sites-opensocial.googleusercontent.com/gadgets/ifr.a2bc6c.delayed]
[sites.google.com/view/mathgames66/games/9-pc-leader-strike.html]
[sites.google.com/view/mathgames66/games/_/mj89sp3sau2k7lj1eg3k40hkeppguj6j-a-sites-opensocial.googleusercontent.com/gadgets/ifr.a355e9.delayed]
[sites.google.com/view/mathgames66/games/9-pc-madalin-cars-multiplayer.html]
[sites.google.com/view/mathgames66/games/_https_/mg66db.github.io/ca2cd940-b69b-43fc-b330-9b25b98be6f4/content/static.playunblocked.com/2021/12/mari0/index.a4.delayed]
[sites.google.com/view/mathgames66/games/1-pc-mari0.html]
[sites.google.com/view/mathgames66/games/_https_/minesweeper.github.io/__.a5.delayed]
[sites.google.com/view/mathgames66/games/1-mobilepc-minesweeper-by-minesweeper.html]
[sites.google.com/view/mathgames66/games/_https_/veu.github.io/mini-tetris/dist/tetris.a6.delayed]
[sites.google.com/view/mathgames66/games/1-pc-mini-tetris.html]
[sites.google.com/view/mathgames66/games/_https_/www-sites-opensocial.googleusercontent.com/gadgets/ifr.a70a31.delayed]
[sites.google.com/view/mathgames66/games/8-mobilepc-moto-x3m-bike-race-game.html]
[sites.google.com/view/mathgames66/games/_https_/www-sites-opensocial.googleusercontent.com/gadgets/ifr.a89960.delayed]
[sites.google.com/view/mathgames66/games/8-mobilepc-moto-x3m-winter.html]
[sites.google.com/view/mathgames66/games/_https_/nickarocho.github.io/minesweeper/__.a9.delayed]
[sites.google.com/view/mathgames66/games/1-mobilepc-nickarochos-minesweeper.html]
[sites.google.com/view/mathgames66/games/_https_/loopover.gitlab.io/new/__.aa.delayed]
[sites.google.com/view/mathgames66/games/2-mobilepc-loopover.html]
[sites.google.com/view/mathgames66/games/_https_/int3.github.io/open-syobon-action.js/__.ab.delayed]
[sites.google.com/view/mathgames66/games/1-pc-open-syobon-action-a-k-a-cat-mario.html]
[sites.google.com/view/mathgames66/games/_https_/turbowarp.org/10128407/embed.acf4e4.delayed]
[sites.google.com/view/mathgames66/games/4-pc-paper-minecraftminecraft-2d.html]
[sites.google.com/view/mathgames66/games/_https_/mg66db.github.io/a990811b-9405-4f5d-b15a-c9803efe2f23/content/v6p9d9t4.ssl.hwcdn.net/html/2144921/Pikwip/index.ad.delayed]
[sites.google.com/view/mathgames66/games/1-pc-pikwip.html]
[sites.google.com/view/mathgames66/games/_https_/scratch.mit.edu/projects/360544527/embed_.ae.delayed]
[sites.google.com/view/mathgames66/games/4-pc-racy-brum-brum-on-scratch.html]
[sites.google.com/view/mathgames66/games/_https_/re2048.herokuapp.com/__.af.delayed]
[sites.google.com/view/mathgames66/games/6-mobilepc-react-2048-game.html]
[sites.google.com/view/mathgames66/games/_https_/weslleyaraujo.github.io/react-simon-says/__.b0.delayed]
[sites.google.com/view/mathgames66/games/1-mobilepc-react-simon-says.html]
[sites.google.com/view/mathgames66/games/_https_/mg66db.github.io/481fe2bb-34d2-43f5-be59-24c481e96c25/content/unblocked1889.github.io/Retr0b0wl/index.b1.delayed]
[sites.google.com/view/mathgames66/games/1-pc-retro-bowl.html]
[sites.google.com/view/mathgames66/games/_https_/tal2tot4uenli8d3lphbjvrrl237cfes-a-sites-opensocial.googleusercontent.com/gadgets/ifr.b2bc2e.delayed]
[sites.google.com/view/mathgames66/games/8-mobilepc-retro-drift.html]
[sites.google.com/view/mathgames66/games/_https_/v6p9d9t4.ssl.hwcdn.net/html/617292/index.b3.delayed]
[sites.google.com/view/mathgames66/games/7-pc-rts-battle.html]
[sites.google.com/view/mathgames66/games/_/mj89sp3sau2k7lj1eg3k40hkeppguj6j-a-sites-opensocial.googleusercontent.com/gadgets/ifr.b4d4fd.delayed]
[sites.google.com/view/mathgames66/games/9-pc-run-3.html]
[sites.google.com/view/mathgames66/games/_https_/doodle-pile.gitlab.io/shinzo-count/__.b5.delayed]
[sites.google.com/view/mathgames66/games/2-mobilepc-shinzo-count.html]
[sites.google.com/view/mathgames66/games/_https_/ondras.github.io/sleeping-beauty/__.b6.delayed]
[sites.google.com/view/mathgames66/games/1-pc-sleeping-beauty.html]
[sites.google.com/view/mathgames66/games/_https_/mg66db.github.io/fc4e8813-3c89-4a21-bd68-18eb126e4e38/content/v6p9d9t4.ssl.hwcdn.net/html/1643267/index.b7.delayed]
[sites.google.com/view/mathgames66/games/1-mobilepc-small-world-cup.html]
[sites.google.com/view/mathgames66/games/_https_/rabiroshan.github.io/snake_game/__.b8.delayed]
[sites.google.com/view/mathgames66/games/1-mobilepc-snake_new.html]
[sites.google.com/view/mathgames66/games/_https_/scratch.mit.edu/projects/594970041/embed_.b9.delayed]
[sites.google.com/view/mathgames66/games/4-mobilepc-snake-on-scratch.html]
[sites.google.com/view/mathgames66/games/_https_/scratch.mit.edu/projects/285798474/embed_.ba.delayed]
[sites.google.com/view/mathgames66/games/4-pc-super-mario-3-0-world-on-scratch.html]
[sites.google.com/view/mathgames66/games/_https_/mg66db.github.io/61ff39c5-d773-4b55-badb-4e79ce3e3337/content/games.flying-sheep.com/super-puffer-fish-3d/game2/index.bb.delayed]
[sites.google.com/view/mathgames66/games/1-mobilepc-super-puffer-fish.html]
[sites.google.com/view/mathgames66/games/1-mobilepc-t-e-t-r-i-s.html]
[sites.google.com/view/mathgames66/games/_https_/ytiurin.github.io/tetris/__.bc.delayed]
[sites.google.com/view/mathgames66/games/1-pc-tetris.html]
[sites.google.com/view/mathgames66/games/_https_/chvin.github.io/react-tetris/index1a2d.html]
[sites.google.com/view/mathgames66/games/_/mj89sp3sau2k7lj1eg3k40hkeppguj6j-a-sites-opensocial.googleusercontent.com/gadgets/ifr.bd6c78.delayed]
[sites.google.com/view/mathgames66/games/9-mobilepc-tiny-fishing.html]
[sites.google.com/view/mathgames66/games/_https_/bsehovac.github.io/the-cube/__.be.delayed]
[sites.google.com/view/mathgames66/games/1-mobile-the-cube.html]
[sites.google.com/view/mathgames66/games/_/mj89sp3sau2k7lj1eg3k40hkeppguj6j-a-sites-opensocial.googleusercontent.com/gadgets/ifr.bfe689.delayed]
[sites.google.com/view/mathgames66/games/9-pc-the-house-of-evil-granny.html]
[sites.google.com/view/mathgames66/games/_https_/images-docs-opensocial.googleusercontent.com/gadgets/ifr.c0dc87.delayed]
[sites.google.com/view/mathgames66/games/8-pc-the-worlds-hardest-game.html]
[sites.google.com/view/mathgames66/games/_https_/mg66db.github.io/411490ae-fc51-4959-a594-1c76f2786896/content/tunnelrush.github.io/games/tunnel-rush/index.c1.delayed]
[sites.google.com/view/mathgames66/games/1-pc-tunnel-rush.html]
[sites.google.com/view/mathgames66/games/_https_/msakuta.github.io/turrets/createjs_game.c2.delayed]
[sites.google.com/view/mathgames66/games/1-pc-turrets.html]
[sites.google.com/view/mathgames66/games/_https_/berkerol.github.io/typer/typer.c3.delayed]
[sites.google.com/view/mathgames66/games/1-pc-typer.html]
[sites.google.com/view/mathgames66/games/_/tal2tot4uenli8d3lphbjvrrl237cfes-a-sites-opensocial.googleusercontent.com/gadgets/ifr.c4da6f.delayed]
[sites.google.com/view/mathgames66/games/8-pc-vex-3.html]
[sites.google.com/view/mathgames66/games/_https_/www-ig-opensocial.googleusercontent.com/gadgets/ifr.c507b0.delayed]
[sites.google.com/view/mathgames66/games/8-pc-vex-4.html]
[sites.google.com/view/mathgames66/games/_https_/www-ig-opensocial.googleusercontent.com/gadgets/ifr.c6931c.delayed]
[sites.google.com/view/mathgames66/games/8-pc-vex-5.html]
[sites.google.com/view/mathgames66/games/_https_/mg66db.github.io/a7e6cdc5-15f8-40b3-a366-b8cc2064914c/content/v6p9d9t4.ssl.hwcdn.net/html/1872786/index.c7.delayed]
[sites.google.com/view/mathgames66/games/1-mobilepc-zig-zag.html]
[sites.google.com/view/mathgames66/game-help.html]
[sites.google.com/view/mathgames66/'https_/www.free-website-hit-counter.com/c6a14.html]
[sites.google.com/view/mathgames66/games/_https_/industrial-revolutioners.github.io/buk/__.html]
[sites.google.com/view/mathgames66/games/_https_/doodle-pile.gitlab.io/144/___/iframe__/center__.html]
[sites.google.com/view/mathgames66/games/_https_/hczhcz.github.io/2048/20ez/___/iframe_.html]
[sites.google.com/view/mathgames66/games/_https_/0x0800.github.io/2048-CUPCAKES/___/iframe_.html]
[sites.google.com/view/mathgames66/games/_/mj89sp3sau2k7lj1eg3k40hkeppguj6j-a-sites-opensocial.googleusercontent.com/gadgets/ifrecda.html]
[sites.google.com/view/mathgames66/games/_https_/33yang.github.io/mine-sweeper/__.html]
[sites.google.com/view/mathgames66/games/_https_/codepen.io/juliangarnier/pen/BsIih__.html]
[sites.google.com/view/mathgames66/games/_https_/codepen.io/juliangarnier__@juliangarnier_/a_).html]
[sites.google.com/view/mathgames66/games/_https_/codepen.io__CodePen_/a_._/span_.html]
[sites.google.com/view/mathgames66/games/_https_/cpwebassets.codepen.io/assets/embed/ei.js___/script_.html]
[sites.google.com/view/mathgames66/games/_https_/dmitrykuzmenko.github.io/2048/__.html]
[sites.google.com/view/mathgames66/games/_https_/cykod.github.io/AlienInvasion/__.html]
[sites.google.com/view/mathgames66/games/_https_/wwwtyro.github.io/Astray/__.html]
[sites.google.com/view/mathgames66/games/_/mj89sp3sau2k7lj1eg3k40hkeppguj6j-a-sites-opensocial.googleusercontent.com/gadgets/ifr344b.html]
[sites.google.com/view/mathgames66/games/_https_/mg66db.github.io/989654c0-6c6e-40e4-956c-1db1ec95bd76/content/v6p9d9t4.ssl.hwcdn.net/html/3227960/Backrooms v1.5 - W/index.75.delaye]
[sites.google.com/view/mathgames66/games/_https_/gotoanddie.github.io/c2-sans-fight/__.html]
[sites.google.com/view/mathgames66/games/_https_/mg66db.github.io/b92261bf-dae7-4055-bd8a-8eb6d069a6fc/content/v6p9d9t4.ssl.hwcdn.net/html/4965007/WebGL/index.html]
[sites.google.com/view/mathgames66/games/_https_/shsgames.github.io/built-games/baldis-basics/index.html]
[sites.google.com/view/mathgames66/games/_https_/v6p9d9t4.ssl.hwcdn.net/html/4487446/Baldi's Web-Based Basics 1.4.3 Edition 1.0.0/index.html]
[sites.google.com/view/mathgames66/games/_https_/script.google.com/macros/s/AKfycbwTiWD3hyL1WhbcM2NZeXnKJKN9uEtY7N_DxcvbbP-cNB9ZPlA/exec_.html]
[sites.google.com/view/mathgames66/games/_/tal2tot4uenli8d3lphbjvrrl237cfes-a-sites-opensocial.googleusercontent.com/gadgets/ifr4324.html]
[sites.google.com/view/mathgames66/games/_/mj89sp3sau2k7lj1eg3k40hkeppguj6j-a-sites-opensocial.googleusercontent.com/gadgets/ifr7e19.html]
[sites.google.com/view/mathgames66/games/_https_/mg66db.github.io/brave-explorers.html]
[sites.google.com/view/mathgames66/games/_https_/maxwellito.github.io/breaklock/__.html]
[sites.google.com/view/mathgames66/games/_/mj89sp3sau2k7lj1eg3k40hkeppguj6j-a-sites-opensocial.googleusercontent.com/gadgets/ifr5d8a.html]
[sites.google.com/view/mathgames66/games/_https_/www.cbc.ca/kidscbc2/content/games/box-tower/index.html]
[sites.google.com/view/mathgames66/games/_/mj89sp3sau2k7lj1eg3k40hkeppguj6j-a-sites-opensocial.googleusercontent.com/gadgets/ifr1a4a.html]
[sites.google.com/view/mathgames66/games/_https_/kenrick95.github.io/c4/__.html]
[sites.google.com/view/mathgames66/games/_https_/mg66db.github.io/d23ed974-4630-4906-b0b7-2c7322a5ba7d/content/kdata1.com/2016/11/cluster-truck-online/index.html]
[sites.google.com/view/mathgames66/games/_https_/dommmel.github.io/coffee-snake/__.html]
[sites.google.com/view/mathgames66/games/_https_/d3tetris.herokuapp.com/_.html]
[sites.google.com/view/mathgames66/games/_https_/stobrien89.github.html]
[sites.google.com/view/mathgames66/games/_/tal2tot4uenli8d3lphbjvrrl237cfes-a-sites-opensocial.googleusercontent.com/gadgets/ifr4d68.html]
[sites.google.com/view/mathgames66/games/_/mj89sp3sau2k7lj1eg3k40hkeppguj6j-a-sites-opensocial.googleusercontent.com/gadgets/ifr86de.html]
[sites.google.com/view/mathgames66/games/_https_/mg66db.github.io/b15a710a-702a-400e-aaeb-21f54c8545c8/content/v6p9d9t4.ssl.hwcdn.net/html/1770688/dodge/index.html]
[sites.google.com/view/mathgames66/games/_https_/mg66db.github.io/94e0266a-f5f0-4659-9f9b-256f4396caa9/content/v6p9d9t4.ssl.hwcdn.net/html/5007015/index.html]
[sites.google.com/view/mathgames66/games/_https_/www.mathplayground.com/drift-boss/index.html]
[sites.google.com/view/mathgames66/games/_https_/dreamshowadventures.github.io/LudumDare29/__.html]
[sites.google.com/view/mathgames66/games/_https_/muan.github.io/emoji-minesweeper/__.html]
[sites.google.com/view/mathgames66/games/_https_/doodle-pile.gitlab.io/endless-sans/___/iframe__/center__.html]
[sites.google.com/view/mathgames66/games/_/mj89sp3sau2k7lj1eg3k40hkeppguj6j-a-sites-opensocial.googleusercontent.com/gadgets/ifrb778.html]
[sites.google.com/view/mathgames66/games/_https_/www-ig-opensocial.googleusercontent.com/gadgets/ifra73c.html]
[sites.google.com/view/mathgames66/games/_https_/scratch.mit.edu/projects/356595737/embed_.html]
[sites.google.com/view/mathgames66/games/_https_/images-docs-opensocial.googleusercontent.com/gadgets/ifr0d1d.html]
[sites.google.com/view/mathgames66/games/_https_/turbowarp.org/105500895/embede4b5.html]
[sites.google.com/view/mathgames66/games/_https_/scratch.mit.edu/projects/377613190/embed_.html]
[sites.google.com/view/mathgames66/games/_https_/scratch.mit.edu/projects/118638917/embed_.html]
[sites.google.com/view/mathgames66/games/_https_/scratch.mit.edu/projects/120721851/embed_.html]
[sites.google.com/view/mathgames66/games/_https_/scratch.mit.edu/projects/140185501/embed_.html]
[sites.google.com/view/mathgames66/games/_https_/scratch.mit.edu/projects/319667603/embed_.html]
[sites.google.com/view/mathgames66/games/_https_/scratch.mit.edu/projects/216343253/embed_.html]
[sites.google.com/view/mathgames66/games/_https_/scratch.mit.edu/projects/219468445/embed_.html]
[sites.google.com/view/mathgames66/games/_https_/scratch.mit.edu/projects/389464290/embed_.html]
[sites.google.com/view/mathgames66/games/_https_/scratch.mit.edu/projects/389735533/embed_.html]
[sites.google.com/view/mathgames66/games/_https_/hexgl.bkcore.com/play/__.html]
[sites.google.com/view/mathgames66/games/_https_/mg66db.github.io/bbf26339-43d7-4ed1-b899-12375e66a8b9/content/v6p9d9t4.ssl.hwcdn.net/html/1078504/index.html]
[sites.google.com/view/mathgames66/games/_https_/insider-online.herokuapp.com/__.html]
[sites.google.com/view/mathgames66/games/_/mj89sp3sau2k7lj1eg3k40hkeppguj6j-a-sites-opensocial.googleusercontent.com/gadgets/ifrf368.html]
[sites.google.com/view/mathgames66/games/_https_/browserfps.com/_.html]
[sites.google.com/view/mathgames66/games/_/mj89sp3sau2k7lj1eg3k40hkeppguj6j-a-sites-opensocial.googleusercontent.com/gadgets/ifrbc6c.html]
[sites.google.com/view/mathgames66/games/_/mj89sp3sau2k7lj1eg3k40hkeppguj6j-a-sites-opensocial.googleusercontent.com/gadgets/ifr55e9.html]
[sites.google.com/view/mathgames66/games/_https_/mg66db.github.io/ca2cd940-b69b-43fc-b330-9b25b98be6f4/content/static.playunblocked.com/2021/12/mari0/index.html]
[sites.google.com/view/mathgames66/games/_https_/minesweeper.github.io/__.html]
[sites.google.com/view/mathgames66/games/_https_/veu.github.io/mini-tetris/dist/tetris.html]
[sites.google.com/view/mathgames66/games/_https_/www-sites-opensocial.googleusercontent.com/gadgets/ifr0a31.html]
[sites.google.com/view/mathgames66/games/_https_/www-sites-opensocial.googleusercontent.com/gadgets/ifr9960.html]
[sites.google.com/view/mathgames66/games/_https_/nickarocho.github.io/minesweeper/__.html]
[sites.google.com/view/mathgames66/games/_https_/loopover.gitlab.io/new/__.html]
[sites.google.com/view/mathgames66/games/_https_/int3.github.io/open-syobon-action.js/__.html]
[sites.google.com/view/mathgames66/games/_https_/turbowarp.org/10128407/embedf4e4.html]
[sites.google.com/view/mathgames66/games/_https_/mg66db.github.io/a990811b-9405-4f5d-b15a-c9803efe2f23/content/v6p9d9t4.ssl.hwcdn.net/html/2144921/Pikwip/index.html]
[sites.google.com/view/mathgames66/games/_https_/scratch.mit.edu/projects/360544527/embed_.html]
[sites.google.com/view/mathgames66/games/_https_/re2048.herokuapp.com/__.html]
[sites.google.com/view/mathgames66/games/_https_/weslleyaraujo.github.io/react-simon-says/__.html]
[sites.google.com/view/mathgames66/games/_https_/mg66db.github.io/481fe2bb-34d2-43f5-be59-24c481e96c25/content/unblocked1889.github.io/Retr0b0wl/index.html]
[sites.google.com/view/mathgames66/games/_https_/tal2tot4uenli8d3lphbjvrrl237cfes-a-sites-opensocial.googleusercontent.com/gadgets/ifrbc2e.html]
[sites.google.com/view/mathgames66/games/_https_/v6p9d9t4.ssl.hwcdn.net/html/617292/index.html]
[sites.google.com/view/mathgames66/games/_/mj89sp3sau2k7lj1eg3k40hkeppguj6j-a-sites-opensocial.googleusercontent.com/gadgets/ifrd4fd.html]
[sites.google.com/view/mathgames66/games/_https_/doodle-pile.gitlab.io/shinzo-count/__.html]
[sites.google.com/view/mathgames66/games/_https_/ondras.github.io/sleeping-beauty/__.html]
[sites.google.com/view/mathgames66/games/_https_/mg66db.github.io/fc4e8813-3c89-4a21-bd68-18eb126e4e38/content/v6p9d9t4.ssl.hwcdn.net/html/1643267/index.html]
[sites.google.com/view/mathgames66/games/_https_/rabiroshan.github.io/snake_game/__.html]
[sites.google.com/view/mathgames66/games/_https_/scratch.mit.edu/projects/594970041/embed_.html]
[sites.google.com/view/mathgames66/games/_https_/scratch.mit.edu/projects/285798474/embed_.html]
[sites.google.com/view/mathgames66/games/_https_/mg66db.github.io/61ff39c5-d773-4b55-badb-4e79ce3e3337/content/games.flying-sheep.com/super-puffer-fish-3d/game2/index.html]
[sites.google.com/view/mathgames66/games/_https_/chvin.github.io/react-tetris/index1a2d.html]
[sites.google.com/view/mathgames66/games/_https_/ytiurin.github.io/tetris/__.html]
[sites.google.com/view/mathgames66/games/_/mj89sp3sau2k7lj1eg3k40hkeppguj6j-a-sites-opensocial.googleusercontent.com/gadgets/ifr6c78.html]
[sites.google.com/view/mathgames66/games/_https_/bsehovac.github.io/the-cube/__.html]
[sites.google.com/view/mathgames66/games/_/mj89sp3sau2k7lj1eg3k40hkeppguj6j-a-sites-opensocial.googleusercontent.com/gadgets/ifre689.html]
[sites.google.com/view/mathgames66/games/_https_/images-docs-opensocial.googleusercontent.com/gadgets/ifrdc87.html]
[sites.google.com/view/mathgames66/games/_https_/mg66db.github.io/411490ae-fc51-4959-a594-1c76f2786896/content/tunnelrush.github.io/games/tunnel-rush/index.html]
[sites.google.com/view/mathgames66/games/_https_/msakuta.github.io/turrets/createjs_game.html]
[sites.google.com/view/mathgames66/games/_https_/berkerol.github.io/typer/typer.html]
[sites.google.com/view/mathgames66/games/_/tal2tot4uenli8d3lphbjvrrl237cfes-a-sites-opensocial.googleusercontent.com/gadgets/ifrda6f.html]
[sites.google.com/view/mathgames66/games/_https_/www-ig-opensocial.googleusercontent.com/gadgets/ifr07b0.html]
[sites.google.com/view/mathgames66/games/_https_/www-ig-opensocial.googleusercontent.com/gadgets/ifr931c.html]
[sites.google.com/view/mathgames66/games/_https_/mg66db.github.io/a7e6cdc5-15f8-40b3-a366-b8cc2064914c/content/v6p9d9t4.ssl.hwcdn.net/html/1872786/index.html]
